PS C:\Users\plan-\Desktop\git-lesson\git_challenge> git add hello_world.txt
PS C:\Users\plan-\Desktop\git-lesson\git_challenge> git commit -m "hello_world.txtを追加"
[main (root-commit) 795be58] hello_world.txt繧定ｿｽ蜉
 1 file changed, 1 insertion(+)
 create mode 100644 hello_world.txt
PS C:\Users\plan-\Desktop\git-lesson\git_challenge> git add hello_world.txt
PS C:\Users\plan-\Desktop\git-lesson\git_challenge> git commit -m "hello_world.txtの２行目を追記"
[main ca16e79] hello_world.txt縺ｮ・定｡檎岼繧定ｿｽ險
 1 file changed, 2 insertions(+), 1 deletion(-)
PS C:\Users\plan-\Desktop\git-lesson\git_challenge> git log --oneline
ca16e79 (HEAD -> main) hello_world.txtの２行目を追記
795be58 hello_world.txtを追加
PS C:\Users\plan-\Desktop\git-lesson\git_challenge> 